Loading weights:   0%|          | 0/410 [00:00<?, ?it/s]Loading weights: 100%|██████████| 410/410 [00:00<00:00, 11012.41it/s]
=== 执念锚点图 (输入->锚点聚类) ===
  锚点[ascu]: 16个输入 ['谢谢', '再见', '香蕉', '超市', '购物']
  锚点[彪彪彪彪彪彪]: 2个输入 ['北京', '上海']
  锚点[阳阳阳阳阳]: 1个输入 ['你好']
  锚点[好吃早餐]: 1个输入 ['早上好']
  锚点[1111]: 1个输入 ['1+1']
  锚点[的100]: 1个输入 ['2的10次方']
  锚点[π的近似]: 1个输入 ['圆周率']
  锚点[证明过程]: 1个输入 ['勾股定理']
  锚点[彪彪在超]: 1个输入 ['苹果']
  锚点[乎乎乎乎乎]: 1个输入 ['历史']
  锚点[彪杀案案]: 1个输入 ['AI']
  锚点[彪悍骁龙]: 1个输入 ['手机']
=== 组合涌现测试 (锚点×概念) ===
  ascus 基因 遗传  -> '疫苗 疫苗 疫苗 疫苗疫苗 疫'
  彪彪 超市 购物 网络红 -> '7天网络 小小天天天天天天天天天天天天天天天天天天天天天天天天'
  苹果 彪彪 微博 直播 -> '直播直播直播直播直播直播直播直播直播直播直播直播直播直播直播直播直播直播直播直播'
  量子 医院 治疗 科技 -> '招聘 招聘 招聘 招聘 招录'
  ascu 基因 手机 网 -> '网络 网络 网络 网络 网络'
