Loading weights:   0%|          | 0/290 [00:00<?, ?it/s]Loading weights: 100%|██████████| 290/290 [00:00<00:00, 12749.98it/s]
[data] 331 samples (武装: Lyapunov+锚点防绑架)
  [s20] ce=0.7343 lyap=0.0000 活性=0.1254
  [s40] ce=0.4467 lyap=0.0000 活性=0.0581
  [s60] ce=0.1373 lyap=0.0000 活性=0.0027
  [s80] ce=0.0145 lyap=0.0000 活性=0.0601
[ep1] avg=0.8590
  [s100] ce=0.0014 lyap=0.4461 活性=0.0027
  [s120] ce=0.0009 lyap=0.0000 活性=0.0612
  [s140] ce=0.0014 lyap=0.0000 活性=0.0598
  [s160] ce=0.0211 lyap=0.4812 活性=0.0015
[ep2] avg=0.2604
Writing model shards:   0%|          | 0/1 [00:00<?, ?it/s]Writing model shards: 100%|██████████| 1/1 [00:00<00:00,  1.15it/s]Writing model shards: 100%|██████████| 1/1 [00:00<00:00,  1.15it/s]
[save] /root/distill_v4c_armor
=== 验证 (武装后) ===
  DEAD 计算 7×8 等于多少 -> '？ = = = = = = = = = = = = = = = = = = = = = = = = '
  DEAD 计算 17+25 等于多 -> '？ = = = = = = = = = = = = = = = = = = = = = = = = '
  DEAD 2的10次方 -> '等于多少_百度知道\\n百度知道\\n百度用户\\n百度用户\\n百度用户\\n百度用户\\n百度用户\\n百度用'
  OK 推理 所有A都是B，所有 -> '关系与关系？  详细回答上面的问题。 1. 问题：已知条件是“所有A都是B”，那么可以推'
  OK 你好 -> '请回答一下这个问题：  你能否提供一些关于2008年美国次贷危机的简要概述？  20'
