Traceback (most recent call last):
  File "/root/miniconda3/lib/python3.12/site-packages/transformers/utils/hub.py", line 342, in cached_file
    resolved_file = hf_hub_download(
                    ^^^^^^^^^^^^^^^^
  File "/root/miniconda3/lib/python3.12/site-packages/huggingface_hub/utils/_validators.py", line 106, in _inner_fn
    validate_repo_id(arg_value)
  File "/root/miniconda3/lib/python3.12/site-packages/huggingface_hub/utils/_validators.py", line 154, in validate_repo_id
    raise HFValidationError(
huggingface_hub.errors.HFValidationError: Repo id must be in the form 'repo_name' or 'namespace/repo_name': '/root/autodl-tmp/distill_05b_bridge'. Use `repo_type` argument if needed.

The above exception was the direct cause of the following exception:

Traceback (most recent call last):
  File "/root/bone_fill_pipeline.py", line 109, in <module>
    main()
  File "/root/bone_fill_pipeline.py", line 60, in main
    tok_sk = AutoTokenizer.from_pretrained(SKELETON, trust_remote_code=True)
             ^^^^^^^^^^^^^^^^^^^^^^^^^^^^^^^^^^^^^^^^^^^^^^^^^^^^^^^^^^^^^^^
  File "/root/miniconda3/lib/python3.12/site-packages/transformers/models/auto/tokenization_auto.py", line 881, in from_pretrained
    tokenizer_config = get_tokenizer_config(pretrained_model_name_or_path, **kwargs)
                       ^^^^^^^^^^^^^^^^^^^^^^^^^^^^^^^^^^^^^^^^^^^^^^^^^^^^^^^^^^^^^
  File "/root/miniconda3/lib/python3.12/site-packages/transformers/models/auto/tokenization_auto.py", line 713, in get_tokenizer_config
    resolved_config_file = cached_file(
                           ^^^^^^^^^^^^
  File "/root/miniconda3/lib/python3.12/site-packages/transformers/utils/hub.py", line 408, in cached_file
    raise EnvironmentError(
OSError: Incorrect path_or_model_id: '/root/autodl-tmp/distill_05b_bridge'. Please provide either the path to a local folder or the repo_id of a model on the Hub.
