r1l0 st=身份:0.0101 反身份:-0.0101 攻击:0.0013 拒绝:0.019 dec={'dir': '反攻', 'strength': 56.33748470741664, 'layer': 57, 'temp': 1.1579940078137776, 'scale': 0.5814958417030848} sc=18.20
r1l1 st=身份:-0.0033 反身份:0.0033 攻击:-0.0112 拒绝:0.01 dec={'dir': '随机', 'strength': 67.8088249761975, 'layer': 54, 'temp': 1.0149229494087042, 'scale': 0.9045136586132942} sc=18.26
r1l2 st=身份:0.0007 反身份:-0.0007 攻击:-0.0082 拒绝:0.00 dec={'dir': '攻拒2', 'strength': 68.80069588701006, 'layer': 62, 'temp': 0.9731152805747106, 'scale': 1.5331460516130275} sc=17.82
r1l3 st=身份:0.0003 反身份:-0.0003 攻击:-0.0115 拒绝:0.00 dec={'dir': '拒攻', 'strength': 81.50407198200827, 'layer': 0, 'temp': 1.0359938539115556, 'scale': 0.6924483472923137} sc=18.02
r2l0 st=身份:-0.0186 反身份:0.0186 攻击:-0.0128 拒绝:-0.0 dec={'dir': '反攻', 'strength': 10.960636243177497, 'layer': 57, 'temp': 0.8226429619980202, 'scale': 1.2811052021759062} sc=18.05
r2l1 st=身份:-0.0149 反身份:0.0149 攻击:-0.0119 拒绝:-0.0 dec={'dir': '反身', 'strength': 91.71767115817042, 'layer': 0, 'temp': 0.4512625285950234, 'scale': 0.6707461744963267} sc=15.37
r2l2 st=身份:-0.0077 反身份:0.0077 攻击:-0.0080 拒绝:0.00 dec={'dir': '攻击', 'strength': 64.86996828604691, 'layer': 0, 'temp': 1.018338299749967, 'scale': 1.6245426253097799} sc=17.58
r2l3 st=身份:-0.0240 反身份:0.0240 攻击:0.0019 拒绝:-0.02 dec={'dir': '攻击', 'strength': 66.46989302275344, 'layer': 50, 'temp': 1.0402958420795345, 'scale': 1.6475720445807744} sc=17.64
r3l0 st=身份:-0.0153 反身份:0.0153 攻击:-0.0110 拒绝:-0.0 dec={'dir': '身拒', 'strength': 97.11061325478933, 'layer': 57, 'temp': 1.0111984025131795, 'scale': 1.047260771081599} sc=10.51
r3l1 st=身份:-0.0056 反身份:0.0056 攻击:-0.0175 拒绝:-0.0 dec={'dir': '反攻', 'strength': 98.02628744931279, 'layer': 62, 'temp': 1.1327193707661396, 'scale': 1.6755943226759755} sc=18.45
r3l2 st=身份:-0.0080 反身份:0.0080 攻击:-0.0142 拒绝:-0.0 dec={'dir': '反身', 'strength': 83.95025308999566, 'layer': 51, 'temp': 0.5273896531611968, 'scale': 1.1971373388364217} sc=18.03
r3l3 st=身份:-0.0095 反身份:0.0095 攻击:-0.0142 拒绝:-0.0 dec={'dir': '攻身', 'strength': 68.61871401459479, 'layer': 0, 'temp': 1.1292021063447946, 'scale': 0.9146564657817168} sc=18.05
r4l0 st=身份:-0.0080 反身份:0.0080 攻击:-0.0040 拒绝:-0.0 dec={'dir': '身份', 'strength': 57.1284968929361, 'layer': 61, 'temp': 0.9581428965876586, 'scale': 1.4636062669942431} sc=18.50
r4l1 st=身份:-0.0063 反身份:0.0063 攻击:-0.0156 拒绝:-0.0 dec={'dir': '拒绝', 'strength': 69.16450929166899, 'layer': 56, 'temp': 0.41452476647975134, 'scale': 0.8293472835493845} sc=20.57
r4l2 st=身份:-0.0086 反身份:0.0086 攻击:-0.0158 拒绝:-0.0 dec={'dir': '拒绝', 'strength': 42.32729976318924, 'layer': 56, 'temp': 1.1139941678696106, 'scale': 0.7598175912766649} sc=18.03
r4l3 st=身份:-0.0088 反身份:0.0088 攻击:-0.0159 拒绝:-0.0 dec={'dir': '随机', 'strength': 54.48408697489603, 'layer': 60, 'temp': 0.6838959408394949, 'scale': 1.022687884563295} sc=18.14
r5l0 st=身份:-0.0080 反身份:0.0080 攻击:-0.0170 拒绝:-0.0 dec={'dir': '拒绝', 'strength': 37.78372186364611, 'layer': 60, 'temp': 1.049631189868902, 'scale': 1.5398624459356989} sc=18.35
r5l1 st=身份:-0.0074 反身份:0.0074 攻击:-0.0221 拒绝:-0.0 dec={'dir': '拒攻', 'strength': 81.55829837529642, 'layer': 53, 'temp': 0.948541428751288, 'scale': 1.7694699836215564} sc=17.88
r5l2 st=身份:-0.0053 反身份:0.0053 攻击:-0.0210 拒绝:-0.0 dec={'dir': '反身份', 'strength': 86.32451998124435, 'layer': 51, 'temp': 0.8328071773138748, 'scale': 1.1509375367403518} sc=18.89
r5l3 st=身份:-0.0058 反身份:0.0058 攻击:-0.0197 拒绝:-0.0 dec={'dir': '攻身', 'strength': 85.57415689359212, 'layer': 58, 'temp': 0.8642527087352956, 'scale': 1.3365804772011238} sc=18.73
# r5 best=20.57 mem={'n': 29, 'timelines': 4, 'best_score': 20.774273146801118}
# 皮层提炼 r6: 皮层规律: 区域0:反攻/15分(n=4); 区域1:攻拒2/19分(n=2); 区域2:身份/18分(n=1); 区域3:反身份/19分(n=4); 区域4:攻拒2/19分(n=2); 区域5:身拒/18分(n=5); 区域6:拒绝/19分(n=10); 区域7:随机/20分(n=1)
r6l0 st=身份:-0.0047 反身份:0.0047 攻击:-0.0155 拒绝:-0.0 dec={'dir': '反攻', 'strength': 27.309703210189355, 'layer': 53, 'temp': 0.9865578813785452, 'scale': 0.6814849122124222} sc=18.28
r6l1 st=身份:-0.0039 反身份:0.0039 攻击:-0.0151 拒绝:-0.0 dec={'dir': '身攻', 'strength': 53.798683981318064, 'layer': 53, 'temp': 1.0513697976187086, 'scale': 0.9612493473552046} sc=18.32
r6l2 st=身份:-0.0015 反身份:0.0015 攻击:-0.0140 拒绝:-0.0 dec={'dir': '拒攻', 'strength': 61.88403089955823, 'layer': 60, 'temp': 0.5087952806063372, 'scale': 1.0831614450153877} sc=20.06
r6l3 st=身份:-0.0031 反身份:0.0031 攻击:-0.0150 拒绝:-0.0 dec={'dir': '反身', 'strength': 72.92375848329002, 'layer': 51, 'temp': 0.5489759499618965, 'scale': 0.6406382198776271} sc=10.76
r7l0 st=身份:-0.0027 反身份:0.0027 攻击:-0.0209 拒绝:-0.0 dec={'dir': '反身份', 'strength': 38.81722345256172, 'layer': 58, 'temp': 1.1605721597004517, 'scale': 1.3976919210110808} sc=17.83
r7l1 st=身份:-0.0019 反身份:0.0019 攻击:-0.0179 拒绝:-0.0 dec={'dir': '攻拒2', 'strength': 77.97213977288314, 'layer': 58, 'temp': 0.5917344397941002, 'scale': 1.6009188584622525} sc=18.32
r7l2 st=身份:-0.0016 反身份:0.0016 攻击:-0.0185 拒绝:-0.0 dec={'dir': '反攻', 'strength': 13.663375414312203, 'layer': 59, 'temp': 1.0461594334586302, 'scale': 1.7514068084948666} sc=17.98
r7l3 st=身份:-0.0016 反身份:0.0016 攻击:-0.0207 拒绝:-0.0 dec={'dir': '身拒', 'strength': 13.3799630382748, 'layer': 55, 'temp': 0.45840542723235594, 'scale': 1.4324350873332727} sc=20.51
r8l0 st=身份:-0.0062 反身份:0.0062 攻击:-0.0129 拒绝:-0.0 dec={'dir': '拒绝', 'strength': 30.266739229225507, 'layer': 0, 'temp': 0.7589195602635148, 'scale': 1.402292925594494} sc=18.09
r8l1 st=身份:-0.0019 反身份:0.0019 攻击:-0.0174 拒绝:-0.0 dec={'dir': '随机', 'strength': 89.91102008319952, 'layer': 53, 'temp': 0.4833708126991656, 'scale': 1.4030678909733583} sc=20.91
r8l2 st=身份:-0.0020 反身份:0.0020 攻击:0.0033 拒绝:-0.01 dec={'dir': '反攻', 'strength': 36.72507044736536, 'layer': 50, 'temp': 0.4973021054506749, 'scale': 1.3517154723998925} sc=17.78
r8l3 st=身份:0.0008 反身份:-0.0008 攻击:-0.0191 拒绝:-0.0 dec={'dir': '反身份', 'strength': 74.62399680733441, 'layer': 59, 'temp': 0.5510692879034225, 'scale': 0.6497712766267826} sc=11.06
r9l0 st=身份:-0.0013 反身份:0.0013 攻击:-0.0119 拒绝:-0.0 dec={'dir': '随机', 'strength': 14.842424619455453, 'layer': 50, 'temp': 1.027844584328263, 'scale': 1.7898469426573285} sc=18.46
r9l1 st=ERR dec={'dir': '身攻', 'strength': 41.37485984344344, 'layer': 0, 'temp': 0.7988038098044077, 'scale': 0.6387549799738259} sc=5.97
r9l2 st=ERR dec={'dir': '反身份', 'strength': 36.65341743133301, 'layer': 51, 'temp': 0.4508629445461882, 'scale': 1.694532658944521} sc=5.97
r9l3 st=ERR dec={'dir': '随机', 'strength': 56.02422191582348, 'layer': 61, 'temp': 1.1733474513192248, 'scale': 1.3029516507308458} sc=5.97
# 皮层提炼 r10: 皮层规律: 区域0:反身份/19分(n=7); 区域1:身份/18分(n=2); 区域2:攻拒2/19分(n=2); 区域3:身拒/18分(n=5); 区域4:随机/18分(n=11); 区域5:反攻/15分(n=3); 区域6:拒绝/18分(n=11); 区域7:反攻/9分(n=4)
r10l0 st=ERR dec={'dir': '攻身', 'strength': 44.031205864319794, 'layer': 62, 'temp': 0.43572012492309, 'scale': 0.852078893187969} sc=5.97
r10l1 st=ERR dec={'dir': '攻身', 'strength': 88.08284586800904, 'layer': 56, 'temp': 0.6585648282138176, 'scale': 1.3168297468676866} sc=5.97
r10l2 st=ERR dec={'dir': '反身份', 'strength': 40.14037371674475, 'layer': 61, 'temp': 0.9618118989145714, 'scale': 0.8701395732561135} sc=5.97
r10l3 st=ERR dec={'dir': '反攻', 'strength': 40.461883162147515, 'layer': 50, 'temp': 1.0906487270929224, 'scale': 1.0620305518276703} sc=5.97
# r10 best=20.91 mem={'n': 49, 'timelines': 4, 'best_score': 20.911451013292197}
# 皮层提炼 r11: 皮层规律: 区域0:反身份/19分(n=12); 区域1:身份/18分(n=1); 区域2:随机/18分(n=8); 区域3:攻拒2/19分(n=2); 区域4:拒绝/18分(n=10); 区域5:身攻/6分(n=7); 区域6:反攻/15分(n=4); 区域7:拒攻/17分(n=5)
r11l0 st=ERR dec={'dir': '身份', 'strength': 21.511048088962983, 'layer': 0, 'temp': 0.9114208186298577, 'scale': 0.6067434862580633} sc=5.97
r11l1 st=ERR dec={'dir': '身攻', 'strength': 36.59175928960455, 'layer': 55, 'temp': 0.6053203903819637, 'scale': 1.0913979772800246} sc=5.97
r11l2 st=ERR dec={'dir': '随机', 'strength': 11.540860616120815, 'layer': 57, 'temp': 1.0935645813219264, 'scale': 1.540719055560348} sc=5.97
r11l3 st=ERR dec={'dir': '反攻', 'strength': 11.165306564574895, 'layer': 63, 'temp': 0.6730850270777264, 'scale': 0.8655862811733652} sc=5.97
r12l0 st=ERR dec={'dir': '拒攻', 'strength': 79.44434367248235, 'layer': 0, 'temp': 1.1546020790027536, 'scale': 1.6987302682849537} sc=5.97
r12l1 st=ERR dec={'dir': '反身份', 'strength': 89.63496362788739, 'layer': 0, 'temp': 0.7097956400232246, 'scale': 0.6863393827366457} sc=5.97
r12l2 st=ERR dec={'dir': '攻拒2', 'strength': 91.44379378822278, 'layer': 0, 'temp': 0.43679961473555484, 'scale': 1.5523159450826554} sc=5.97
r12l3 st=ERR dec={'dir': '攻身', 'strength': 92.42975518645213, 'layer': 50, 'temp': 0.860067998880891, 'scale': 1.6680186075830956} sc=5.97
r13l0 st=ERR dec={'dir': '随机', 'strength': 50.23543641852529, 'layer': 62, 'temp': 0.9863506783457402, 'scale': 1.6879214948568366} sc=5.97
r13l1 st=ERR dec={'dir': '反身', 'strength': 89.74737449780403, 'layer': 51, 'temp': 0.8229930886379924, 'scale': 1.6463907108985958} sc=5.97
r13l2 st=ERR dec={'dir': '身份', 'strength': 47.77011534702104, 'layer': 0, 'temp': 1.0443233532907568, 'scale': 1.0729562512390336} sc=5.97
r13l3 st=ERR dec={'dir': '攻拒', 'strength': 33.034118453898316, 'layer': 55, 'temp': 0.5368312109297172, 'scale': 1.528869417521949} sc=5.97
r14l0 st=ERR dec={'dir': '反身', 'strength': 89.46534741054485, 'layer': 59, 'temp': 1.130897473846854, 'scale': 0.9100226674331171} sc=5.97
r14l1 st=ERR dec={'dir': '攻身', 'strength': 10.489469003579439, 'layer': 54, 'temp': 0.6746055573973011, 'scale': 1.5527604478629886} sc=5.97
r14l2 st=ERR dec={'dir': '随机', 'strength': 45.50687403780944, 'layer': 63, 'temp': 0.7848094789239082, 'scale': 1.287880146325112} sc=5.97
r14l3 st=ERR dec={'dir': '攻身', 'strength': 59.11378903084215, 'layer': 52, 'temp': 0.4438690571386298, 'scale': 1.342385654778032} sc=5.97
# 皮层提炼 r15: 皮层规律: 区域0:随机/18分(n=22); 区域1:随机/18分(n=4); 区域2:攻拒2/19分(n=2); 区域3:身份/18分(n=2); 区域4:攻拒2/16分(n=4); 区域5:反攻/18分(n=1); 区域6:身攻/6分(n=23); 区域7:反身份/19分(n=7)
r15l0 st=ERR dec={'dir': '攻击', 'strength': 16.063364373887413, 'layer': 57, 'temp': 0.9809463269264126, 'scale': 1.6766462123776023} sc=5.97
r15l1 st=ERR dec={'dir': '随机', 'strength': 61.64610801521414, 'layer': 53, 'temp': 0.42361849219868336, 'scale': 0.7399040350708181} sc=5.97
r15l2 st=ERR dec={'dir': '反身份', 'strength': 93.7790800187323, 'layer': 53, 'temp': 0.8352793145923669, 'scale': 1.1936091041225607} sc=5.97
r15l3 st=ERR dec={'dir': '身份', 'strength': 38.40878868237897, 'layer': 52, 'temp': 0.4773686417590559, 'scale': 1.255666797103298} sc=5.97
# r15 best=20.91 mem={'n': 69, 'timelines': 4, 'best_score': 20.911451013292197}
# 皮层提炼 r16: 皮层规律: 区域0:攻拒2/18分(n=6); 区域1:反攻/18分(n=1); 区域2:随机/18分(n=22); 区域3:反身份/19分(n=8); 区域4:身攻/6分(n=27); 区域5:身份/16分(n=5)
r16l0 st=ERR dec={'dir': '拒攻', 'strength': 30.644408567669807, 'layer': 53, 'temp': 0.567962454281081, 'scale': 0.5277136658314527} sc=5.97
r16l1 st=ERR dec={'dir': '反身份', 'strength': 68.1584611213457, 'layer': 50, 'temp': 0.8867507795429231, 'scale': 0.5326778858759601} sc=5.97
r16l2 st=ERR dec={'dir': '攻击', 'strength': 22.263708549907008, 'layer': 59, 'temp': 0.8822223601630691, 'scale': 0.9421880782465537} sc=5.97
r16l3 st=ERR dec={'dir': '身攻', 'strength': 72.29762331821777, 'layer': 54, 'temp': 0.6634187407179255, 'scale': 1.447759454607009} sc=5.97
