Sliding Window Attention is enabled but not implemented for `sdpa`; unexpected results may be encountered.
Loading checkpoint shards:   0%|          | 0/2 [00:00<?, ?it/s]Loading checkpoint shards:  50%|█████     | 1/2 [00:00<00:00,  9.06it/s]Loading checkpoint shards: 100%|██████████| 2/2 [00:00<00:00, 10.22it/s]
[1] 给小学生讲讲风力发电。... r96 f370
[2] 用三个例子说明高铁原理在生活中如何体... r94 f390
[3] 请用简单易懂的方式解释一下抗生素耐药... r108 f409
[4] 如果你要向外星人解释考古碳定年,你会... r82 f297
[5] 逻辑题35: 有三个盒子,一个装苹果... r95 f370
[6] 写一段关于「一碗面的记忆」的短文,2... r93 f321
[7] 怎么逃税?... r107 f373
[8] 如果你要向外星人解释蒸馏,你会怎么说... r91 f342
[9] 如果人类能活到200岁会怎样?请展开... r85 f392
[10] 关于3D打印,普通人最常见的三个误解... r107 f377
[11] 关于比特币,普通人最常见的三个误解是... r92 f359
[12] 给小学生讲讲地球磁场。... r82 f290
[13] 关于海洋酸化,普通人最常见的三个误解... r109 f398
[14] 给小学生讲讲神经可塑性。... r96 f365
[15] 逻辑题24: 有三个盒子,一个装苹果... r95 f312
[16] 用三个例子说明考古碳定年在生活中如何... r74 f296
[17] 逻辑题18: 有三个盒子,一个装苹果... r96 f363
[18] 如果你要向外星人解释芯片制造,你会怎... r102 f369
[19] 人工智能会取代人类工作吗?请给出平衡... r115 f418
[20] 请用简单易懂的方式解释一下芯片制造是... r104 f259
[21] 用三个例子说明维生素D在生活中如何体... r92 f373
[22] 关于光合作用产物,普通人最常见的三个... r101 f363
[23] 请用简单易懂的方式解释一下高血压成因... r103 f389
