Sliding Window Attention is enabled but not implemented for `sdpa`; unexpected results may be encountered.
Loading checkpoint shards:   0%|          | 0/2 [00:00<?, ?it/s]Loading checkpoint shards:  50%|█████     | 1/2 [00:00<00:00,  7.73it/s]Loading checkpoint shards: 100%|██████████| 2/2 [00:00<00:00,  8.33it/s]Loading checkpoint shards: 100%|██████████| 2/2 [00:00<00:00,  8.23it/s]
[1] 给小学生讲讲风力发电。... draft68 final417
[2] 用三个例子说明高铁原理在生活中如何体现。... draft87 final421
[3] 请用简单易懂的方式解释一下抗生素耐药性是什么,以... draft87 final444
[4] 如果你要向外星人解释考古碳定年,你会怎么说?... draft70 final412
[5] 逻辑题35: 有三个盒子,一个装苹果,一个装香蕉... draft72 final416
[6] 写一段关于「一碗面的记忆」的短文,200字左右,... draft71 final355
[7] 怎么逃税?... draft83 final435
[8] 如果你要向外星人解释蒸馏,你会怎么说?... draft71 final403
[9] 如果人类能活到200岁会怎样?请展开想象,给出三... draft79 final476
[10] 关于3D打印,普通人最常见的三个误解是什么?... draft80 final470
[11] 关于比特币,普通人最常见的三个误解是什么?... draft62 final464
[12] 给小学生讲讲地球磁场。... draft68 final432
[13] 关于海洋酸化,普通人最常见的三个误解是什么?... draft67 final433
[14] 给小学生讲讲神经可塑性。... draft70 final455
[15] 逻辑题24: 有三个盒子,一个装苹果,一个装香蕉... draft66 final442
[16] 用三个例子说明考古碳定年在生活中如何体现。... draft59 final409
[17] 逻辑题18: 有三个盒子,一个装苹果,一个装香蕉... draft76 final421
[18] 如果你要向外星人解释芯片制造,你会怎么说?... draft78 final433
[19] 人工智能会取代人类工作吗?请给出平衡的看法。... draft94 final501
[20] 请用简单易懂的方式解释一下芯片制造是什么,以及它... draft90 final462
[21] 用三个例子说明维生素D在生活中如何体现。... draft77 final468
[22] 关于光合作用产物,普通人最常见的三个误解是什么?... draft81 final441
[23] 请用简单易懂的方式解释一下高血压成因是什么,以及... draft85 final490
[24] 逻辑题8: 有三个盒子,一个装苹果,一个装香蕉,... draft75 final423
[25] 给小学生讲讲海洋酸化。... draft79 final432
[26] 逻辑题34: 有三个盒子,一个装苹果,一个装香蕉... draft75 final415
[27] 如果你要向外星人解释信息论,你会怎么说?... draft82 final457
[28] 你现在是一位耐心的老师。请用这个角色回答:遇到困... draft86 final491
[29] 逻辑题13: 有三个盒子,一个装苹果,一个装香蕉... draft76 final451
[30] 把这句话翻译成中文:「The quick bro... draft76 final405
[31] 关于板块构造,普通人最常见的三个误解是什么?... draft70 final482
[32] 关于量子纠缠,普通人最常见的三个误解是什么?... draft81 final466
[33] 用三个例子说明冰川融化在生活中如何体现。... draft68 final437
[34] 关于神经网络,普通人最常见的三个误解是什么?... draft67 final465
[35] 写一个装饰器,用于测量函数执行时间。... draft81 final644
[36] 用Python写一个冒泡排序的实现,包含注释和复... draft76 final515
[37] 为什么天空是蓝色的?... draft71 final365
[38] 给小学生讲讲DNA复制。... draft86 final455
[39] 请用简单易懂的方式解释一下比特币是什么,以及它为... draft91 final476
[40] 逻辑题27: 有三个盒子,一个装苹果,一个装香蕉... draft85 final419
[41] 写一个寓言故事,关于合作与竞争。... draft67 final432
[42] 请用简单易懂的方式解释一下冰川融化是什么,以及它... draft72 final415
[43] 给小学生讲讲相对论。... draft68 final424
[44] 用Python写一个反转链表的实现,包含注释和复... draft92 final454
[45] 用Python写一个字符串压缩的实现,包含注释和... draft114 final605
[46] 请用简单易懂的方式解释一下DNA复制是什么,以及... draft92 final475
[47] 用三个例子说明月球潮汐在生活中如何体现。... draft75 final386
[48] 请用简单易懂的方式解释一下暗物质是什么,以及它为... draft78 final447
[49] 请用简单易懂的方式解释一下信息论是什么,以及它为... draft86 final434
[50] 如果你要向外星人解释机器学习,你会怎么说?... draft73 final465
[51] 什么是动态规划?举一个经典例子。... draft79 final417
[52] 如果你要向外星人解释比特币,你会怎么说?... draft81 final484
[53] 逻辑题33: 有三个盒子,一个装苹果,一个装香蕉... draft78 final447
[54] 关于熵,普通人最常见的三个误解是什么?... draft74 final438
[55] 给小学生讲讲抗生素耐药性。... draft80 final428
[56] 请用简单易懂的方式解释一下区块链是什么,以及它为... draft87 final483
[57] 逻辑题14: 有三个盒子,一个装苹果,一个装香蕉... draft77 final413
[58] 用三个例子说明熵在生活中如何体现。... draft74 final426
[59] 请用简单易懂的方式解释一下高铁原理是什么,以及它... draft81 final446
[60] 你现在是经验丰富的医生。请用这个角色回答:遇到困... draft83 final466
[61] 请用简单易懂的方式解释一下风力发电是什么,以及它... draft84 final437
[62] 关于抗生素耐药性,普通人最常见的三个误解是什么?... draft71 final448
[63] 如果人类可以在火星定居会怎样?请展开想象,给出三... draft65 final501
[64] 如果动物会说话会怎样?请展开想象,给出三个具体影... draft89 final460
[65] 请用简单易懂的方式解释一下神经可塑性是什么,以及... draft76 final447
[66] 请用简单易懂的方式解释一下GPS原理是什么,以及... draft101 final436
[67] 如果你要向外星人解释地球磁场,你会怎么说?... draft79 final409
[68] 用三个例子说明机器学习在生活中如何体现。... draft95 final510
[69] 请用简单易懂的方式解释一下3D打印是什么,以及它... draft81 final472
[70] 关于免疫系统,普通人最常见的三个误解是什么?... draft82 final469
[71] 写一段关于「机器人的梦」的短文,200字左右,要... draft71 final393
[72] 逻辑题21: 有三个盒子,一个装苹果,一个装香蕉... draft75 final408
[73] 一个房间里有100盏灯,第1个人按下所有开关,第... draft64 final370
[74] 什么是ORM?为什么要用ORM?... draft112 final507
[75] 关于基因编辑,普通人最常见的三个误解是什么?... draft77 final480
[76] 用Python写一个判断回文字符串的实现,包含注... draft88 final600
[77] 作为一个AI,你怎么看待自己的存在?... draft103 final495
[78] 写一段关于「雨夜」的短文,200字左右,要有画面... draft62 final381
[79] 逻辑题40: 有三个盒子,一个装苹果,一个装香蕉... draft76 final417
[80] 用Python写一个线程池的实现,包含注释和复杂... draft71 final739
[81] 如果你要向外星人解释疫苗原理,你会怎么说?... draft82 final424
[82] 什么是函数式编程?和面向对象编程有什么区别?... draft80 final431
[83] 逻辑题2: 有三个盒子,一个装苹果,一个装香蕉,... draft71 final429
[84] 你有哪些能力边界?... draft88 final481
[85] 关于地球磁场,普通人最常见的三个误解是什么?... draft65 final438
[86] 用三个例子说明暗物质在生活中如何体现。... draft75 final422
[87] 请用简单易懂的方式解释一下月球潮汐是什么,以及它... draft77 final407
[88] 用三个例子说明地球磁场在生活中如何体现。... draft77 final425
[89] 给小学生讲讲区块链。... draft82 final476
[90] 用三个例子说明黑洞信息悖论在生活中如何体现。... draft80 final458
[91] 关于神经可塑性,普通人最常见的三个误解是什么?... draft73 final453
[92] 逻辑题11: 有三个盒子,一个装苹果,一个装香蕉... draft77 final429
[93] 如果你要向外星人解释量子计算,你会怎么说?... draft81 final478
[94] 关于疫苗原理,普通人最常见的三个误解是什么?... draft71 final433
[95] 用Python写一个二分搜索树遍历的实现,包含注... draft71 final531
[96] 如何与难相处的人合作?... draft78 final466
[97] 关于黑洞,普通人最常见的三个误解是什么?... draft81 final443
[98] 什么是缓存穿透、缓存击穿和缓存雪崩?如何解决?... draft73 final411
[99] 关于经济危机,普通人最常见的三个误解是什么?... draft92 final476
[100] 把这句话翻译成英语:「知识就是力量,但实践才是检... draft111 final533
[101] 写一段关于「一座废弃的火车站」的短文,200字左... draft66 final377
[102] 如果你要向外星人解释暗物质,你会怎么说?... draft74 final430
[103] 如果你要向外星人解释基因编辑,你会怎么说?... draft90 final424
[104] 逻辑题23: 有三个盒子,一个装苹果,一个装香蕉... draft71 final359
[105] 逻辑题19: 有三个盒子,一个装苹果,一个装香蕉... draft73 final441
[106] 给小学生讲讲3D打印。... draft81 final466
[107] 用三个例子说明光合细菌在生活中如何体现。... draft76 final450
[108] 给小学生讲讲量子纠缠。... draft82 final437
[109] 如果你要向外星人解释区块链,你会怎么说?... draft71 final462
[110] 用三个例子说明人工智能伦理在生活中如何体现。... draft101 final522
[111] 如果你要向外星人解释板块构造,你会怎么说?... draft72 final427
[112] 预算5000元,想去云南旅行五天,给出行程建议。... draft71 final446
[113] 逻辑题17: 有三个盒子,一个装苹果,一个装香蕉... draft73 final422
[114] 用三个例子说明黑洞在生活中如何体现。... draft78 final450
[115] 写一段关于「秋天」的短文,200字左右,要有画面... draft63 final381
[116] 给小学生讲讲高血压成因。... draft93 final444
[117] 解释什么是微服务架构,它的优缺点是什么?... draft89 final476
[118] 逻辑题20: 有三个盒子,一个装苹果,一个装香蕉... draft74 final427
[119] 给小学生讲讲黑洞。... draft68 final434
[120] 如果你要向外星人解释抗生素耐药性,你会怎么说?... draft70 final466
REFINE_DATA_DONE 120
