Sliding Window Attention is enabled but not implemented for `sdpa`; unexpected results may be encountered.
Loading checkpoint shards:   0%|          | 0/2 [00:00<?, ?it/s]Loading checkpoint shards:  50%|█████     | 1/2 [00:00<00:00,  8.35it/s]Loading checkpoint shards: 100%|██████████| 2/2 [00:00<00:00, 10.08it/s]
[1] 给小学生讲讲风力发电。... 448字
[2] 用三个例子说明高铁原理在生活中如何体现。... 471字
[3] 请用简单易懂的方式解释一下抗生素耐药性是... 484字
[4] 如果你要向外星人解释考古碳定年,你会怎么... 456字
[5] 逻辑题35: 有三个盒子,一个装苹果,一... 301字
[6] 写一段关于「一碗面的记忆」的短文,200... 410字
[7] 怎么逃税?... 498字
[8] 如果你要向外星人解释蒸馏,你会怎么说?... 506字
[9] 如果人类能活到200岁会怎样?请展开想象... 511字
[10] 关于3D打印,普通人最常见的三个误解是什... 431字
[11] 关于比特币,普通人最常见的三个误解是什么... 472字
[12] 给小学生讲讲地球磁场。... 478字
[13] 关于海洋酸化,普通人最常见的三个误解是什... 473字
[14] 给小学生讲讲神经可塑性。... 510字
[15] 逻辑题24: 有三个盒子,一个装苹果,一... 426字
[16] 用三个例子说明考古碳定年在生活中如何体现... 420字
[17] 逻辑题18: 有三个盒子,一个装苹果,一... 450字
[18] 如果你要向外星人解释芯片制造,你会怎么说... 478字
[19] 人工智能会取代人类工作吗?请给出平衡的看... 547字
[20] 请用简单易懂的方式解释一下芯片制造是什么... 523字
[21] 用三个例子说明维生素D在生活中如何体现。... 464字
[22] 关于光合作用产物,普通人最常见的三个误解... 404字
[23] 请用简单易懂的方式解释一下高血压成因是什... 458字
[24] 逻辑题8: 有三个盒子,一个装苹果,一个... 408字
[25] 给小学生讲讲海洋酸化。... 486字
[26] 逻辑题34: 有三个盒子,一个装苹果,一... 299字
[27] 如果你要向外星人解释信息论,你会怎么说?... 470字
[28] 你现在是一位耐心的老师。请用这个角色回答... 508字
[29] 逻辑题13: 有三个盒子,一个装苹果,一... 411字
[30] 把这句话翻译成中文:「The quick... 532字
[31] 关于板块构造,普通人最常见的三个误解是什... 428字
[32] 关于量子纠缠,普通人最常见的三个误解是什... 436字
[33] 用三个例子说明冰川融化在生活中如何体现。... 452字
[34] 关于神经网络,普通人最常见的三个误解是什... 439字
[35] 写一个装饰器,用于测量函数执行时间。... 714字
[36] 用Python写一个冒泡排序的实现,包含... 702字
