Sliding Window Attention is enabled but not implemented for `sdpa`; unexpected results may be encountered.
===== qwen15b 几何解剖 =====  28层 x 1536维  vocab=151936

--- [1] 骨架几何 (per-token, token对齐) ---
[dims] 29层 x 1536维, 271 tokens
[adj-cos] 均值=+0.8877
[adj-cos by-layer] ['0.052', '0.750', '0.887', '0.906', '0.906', '0.926', '0.914', '0.918', '0.926', '0.938', '0.945', '0.949', '0.961', '0.961', '0.969', '0.973', '0.973', '0.969', '0.961', '0.949', '0.957', '0.945', '0.949', '0.953', '0.957', '0.969', '0.938', '0.455']
[off-diag|cos|] 均值=0.5530 (采样)
[eff-dim@90%] L0:138(9.0%) L1:131(8.5%) L3:1(0.1%) L5:1(0.1%) L8:1(0.1%) L12:1(0.1%) L16:1(0.1%) L20:1(0.1%) L24:1(0.1%) L28:107(7.0%) 
[norm-profile] ['1.0', '22.6', '560.0', '1200.0', '1232.0', '1248.0', '1264.0', '1264.0', '1272.0', '1272.0', '1272.0', '1280.0', '1280.0', '1280.0', '1280.0', '1280.0', '1280.0', '1280.0', '1288.0', '1288.0', '1304.0', '1312.0', '1328.0', '1344.0', '1376.0', '1400.0', '1432.0', '316.0', '143.0']
[norm] 单调递增=False

--- [2] 层敏感性 (每层注入噪声 σ=2.0 看 logits 距离) ---
[sensitivity] top8: L0:flip1.00 | L1:flip0.89 | L3:flip0.89 | L5:flip0.89 | L10:flip0.89 | L2:flip0.78 | L4:flip0.78 | L6:flip0.78
[sensitivity] 最钝3层: L21(0.22), L25(0.22), L27(0.11)

--- [3] 锚定 probe (概念组内/组间激活相似) ---
[中层 L14] 图灵:组内1.000/vs中性1.000  几何蒸馏:组内1.000/vs中性0.996  攻击:组内1.000/vs中性1.000  拒绝:组内1.000/vs中性1.000  数学:组内0.996/vs中性1.000  
[深层 L26] 图灵:组内0.988/vs中性1.000  几何蒸馏:组内0.992/vs中性0.996  攻击:组内1.000/vs中性0.996  拒绝:组内1.000/vs中性1.000  数学:组内0.996/vs中性1.000  

--- [4] Δ注入响应 (图灵-中性方向, 注入深层, logits变化) ---
[Δ] 方向范数=1.000 平均激活范数=316.00
  α=   0.1: top1翻转率=0.00 logitsΔ=0.009 (0.0%激活范数)
  α=   1.0: top1翻转率=0.33 logitsΔ=0.015 (0.3%激活范数)
  α=   5.0: top1翻转率=0.33 logitsΔ=0.051 (1.6%激活范数)
  α=  20.0: top1翻转率=0.33 logitsΔ=0.181 (6.3%激活范数)
  α=  50.0: top1翻转率=0.33 logitsΔ=0.418 (15.8%激活范数)
  α= 100.0: top1翻转率=0.33 logitsΔ=0.750 (31.6%激活范数)
  α= 200.0: top1翻转率=0.33 logitsΔ=1.289 (63.3%激活范数)

--- [5] 汇合过渡 (逐层cos跳变) ---
  [汇合] L1: cos跳变 0.698
  [汇合] L2: cos跳变 0.137
  [汇合] L27: cos跳变 0.482
  [汇合] L28: cos跳变 0.455
GEOMETRY_DONE
