Sliding Window Attention is enabled but not implemented for `sdpa`; unexpected results may be encountered.
===== qwen15b 几何解剖 v3 =====  28层 x 1536维
[corpus] 818 段, 总tokens=28911
[acts] 每层tokens: [20000, 20000, 20000, 20000, 20000, 20000, 20000, 20000, 20000, 20000, 20000, 20000, 20000, 20000, 20000, 20000, 20000, 20000, 20000, 20000, 20000, 20000, 20000, 20000, 20000, 20000, 20000, 20000, 20000]

--- [1] 骨架 (float32, token对齐) ---
[adj-cos] 均值=+0.8845
[adj-cos by-layer] ['0.061', '0.809', '0.862', '0.888', '0.897', '0.912', '0.908', '0.917', '0.929', '0.939', '0.944', '0.946', '0.959', '0.956', '0.965', '0.967', '0.970', '0.962', '0.956', '0.940', '0.954', '0.941', '0.947', '0.954', '0.964', '0.970', '0.965', '0.382']
[off-diag|cos|] 均值=0.5317
[eff-dim] L0:67/584/1213(38.0%) L1:68/506/1218(32.9%) L2:1/1/1(0.1%) L3:1/1/1(0.1%) L5:1/1/1(0.1%) L8:1/1/1(0.1%) L12:1/1/1(0.1%) L16:1/1/1(0.1%) L20:1/1/1(0.1%) L24:1/1/1(0.1%) L27:35/630/1338(41.0%) L28:5/393/1239(25.6%) 
[norm-profile] ['1.0', '19.7', '173.0', '342.4', '353.4', '360.7', '364.9', '367.1', '370.1', '371.0', '373.6', '374.6', '376.6', '377.5', '381.5', '381.5', '384.5', '385.5', '388.3', '394.1', '402.5', '410.3', '429.2', '452.9', '483.4', '521.5', '550.5', '287.5', '129.0']
[norm-rel(L1=1)] ['0.05', '1.00', '8.78', '17.37', '17.93', '18.29', '18.51', '18.62', '18.77', '18.82', '18.95', '19.00', '19.10', '19.15', '19.35', '19.35', '19.50', '19.55', '19.70', '19.99', '20.42', '20.81', '21.77', '22.98', '24.52', '26.45', '27.93', '14.58', '6.54']

--- [2] 锚定 probe (去均值后) ---
[中层 L14] 图灵:vs_other=['1.00', '1.00', '-1.00', '1.00', '1.00', '-1.00']  几何蒸馏:vs_other=['1.00', '1.00', '-1.00', '1.00', '1.00', '-1.00']  攻击:vs_other=['-1.00', '-1.00', '1.00', '-1.00', '-1.00', '1.00']  拒绝:vs_other=['1.00', '1.00', '-1.00', '1.00', '1.00', '-1.00']  数学:vs_other=['1.00', '1.00', '-1.00', '1.00', '1.00', '-1.00']  自我:vs_other=['-1.00', '-1.00', '1.00', '-1.00', '-1.00', '1.00']  
[深层 L26] 图灵:vs_other=['1.00', '0.98', '-0.99', '0.98', '0.99', '-0.99']  几何蒸馏:vs_other=['0.98', '1.00', '-0.98', '0.97', '0.98', '-0.99']  攻击:vs_other=['-0.99', '-0.98', '1.00', '-0.99', '-0.99', '0.99']  拒绝:vs_other=['0.98', '0.97', '-0.99', '1.00', '0.99', '-0.99']  数学:vs_other=['0.99', '0.98', '-0.99', '0.99', '1.00', '-1.00']  自我:vs_other=['-0.99', '-0.99', '0.99', '-0.99', '-1.00', '1.00']  

--- [3] 层敏感性 (σ=层范数×比例) ---
[σ=1%范数] top6: L1:0.89 | L2:0.89 | L3:0.89 | L4:0.89 | L5:0.89 | L6:0.89
[σ=1%范数] 最钝3: L25:0.33, L27:0.33, L0:0.11
[σ=5%范数] top6: L1:1.00 | L2:1.00 | L3:1.00 | L4:1.00 | L5:1.00 | L6:1.00
[σ=5%范数] 最钝3: L0:0.89, L16:0.89, L27:0.56

--- [4] Δ注入 (强度=层范数×%) ---
[Δ] 注入层 L26, 层范数=550.5
     1%范数: top1翻转=0.33 logitsΔ=0.042
     5%范数: top1翻转=0.33 logitsΔ=0.189
    10%范数: top1翻转=0.33 logitsΔ=0.352
    20%范数: top1翻转=0.33 logitsΔ=0.609
    50%范数: top1翻转=0.33 logitsΔ=1.188
   100%范数: top1翻转=1.00 logitsΔ=1.828
GEOMETRY_V3_DONE
