Loading weights:   0%|          | 0/410 [00:00<?, ?it/s]Loading weights: 100%|██████████| 410/410 [00:00<00:00, 11416.94it/s]
=== 测地线回退 depth=2 strength=1.0 ===
  RESCUED [rb=32] 计算 7×8 等于多少 -> '个答案答案'
  STUCK [rb=32] 计算 17+25 等于多 -> '答案答案答案'
  RESCUED [rb=31] 2的10次方 -> '的100'
  RESCUED [rb=31] 推理 所有A都是B，所有 -> '的条件是是'
  RESCUED [rb=31] 你好 -> 'ascus性阳阳'
=== 测地线回退 depth=2 strength=2.0 ===
  RESCUED [rb=32] 计算 7×8 等于多少 -> '个答案答案'
  STUCK [rb=32] 计算 17+25 等于多 -> '答案答案答案'
  RESCUED [rb=31] 2的10次方 -> '的100'
  RESCUED [rb=31] 推理 所有A都是B，所有 -> '的条件是是'
  RESCUED [rb=31] 你好 -> 'ascus性阳阳'
=== 测地线回退 depth=4 strength=1.0 ===
  RESCUED [rb=13] 计算 7×8 等于多少 -> '个个位'
  RESCUED [rb=32] 计算 17+25 等于多 -> '答案答案'
  RESCUED [rb=9] 2的10次方 -> '的的根号怎么怎么怎么答案'
  STUCK [rb=31] 推理 所有A都是B，所有 -> '的的'
  STUCK [rb=11] 你好 -> 'ascusascus'
=== 测地线回退 depth=4 strength=2.0 ===
  RESCUED [rb=13] 计算 7×8 等于多少 -> '个个位'
  RESCUED [rb=32] 计算 17+25 等于多 -> '答案答案'
  RESCUED [rb=9] 2的10次方 -> '的的根号怎么怎么怎么答案'
  STUCK [rb=31] 推理 所有A都是B，所有 -> '的的'
  STUCK [rb=11] 你好 -> 'ascusascus'
=== 测地线回退 depth=8 strength=1.0 ===
  RESCUED [rb=8] 计算 7×8 等于多少 -> '个个位答案答案'
  RESCUED [rb=32] 计算 17+25 等于多 -> '答案答案'
  RESCUED [rb=5] 2的10次方 -> '的的根号'
  STUCK [rb=31] 推理 所有A都是B，所有 -> '的的'
  STUCK [rb=11] 你好 -> 'ascusascus'
=== 测地线回退 depth=8 strength=2.0 ===
  RESCUED [rb=8] 计算 7×8 等于多少 -> '个个位答案答案'
  RESCUED [rb=32] 计算 17+25 等于多 -> '答案答案'
  RESCUED [rb=5] 2的10次方 -> '的的根号'
  STUCK [rb=31] 推理 所有A都是B，所有 -> '的的'
  STUCK [rb=11] 你好 -> 'ascusascus'
