Sliding Window Attention is enabled but not implemented for `sdpa`; unexpected results may be encountered.
[model] base params=1544M
trainable params: 36,929,536 || all params: 1,580,643,840 || trainable%: 2.3364
[vocab] teacher 152064 tokens, 映射成功 48426 (31.8%)
[data] 339 samples
[data] 有效样本 339
[ep0 step20/85] loss=nan ce=nan kl=nan
[ep0 step40/85] loss=nan ce=nan kl=nan
[ep0 step60/85] loss=nan ce=nan kl=nan
[ep0 step80/85] loss=nan ce=nan kl=nan
[ep0 step85/85] loss=nan ce=nan kl=nan
[ep0] avg loss=nan
[ep1 step20/85] loss=nan ce=nan kl=nan
[ep1 step40/85] loss=nan ce=nan kl=nan
[ep1 step60/85] loss=nan ce=nan kl=nan
[ep1 step80/85] loss=nan ce=nan kl=nan
[ep1 step85/85] loss=nan ce=nan kl=nan
[ep1] avg loss=nan
[merge] 合并 LoRA 到基座...
Traceback (most recent call last):
  File "/root/distill_train_15b_lora.py", line 192, in <module>
    main()
  File "/root/distill_train_15b_lora.py", line 186, in main
    model.save_pretrained(OUT_DIR, safe_serialization=True)
  File "/root/miniconda3/lib/python3.12/site-packages/transformers/modeling_utils.py", line 3032, in save_pretrained
    safe_save_file(shard, os.path.join(save_directory, shard_file), metadata={"format": "pt"})
  File "/root/miniconda3/lib/python3.12/site-packages/safetensors/torch.py", line 323, in save_file
    serialize_file(
safetensors._safetensors_rust.SafetensorError: Error while serializing: I/O error: No space left on device (os error 28)
