Loading weights:   0%|          | 0/290 [00:00<?, ?it/s]Loading weights: 100%|██████████| 290/290 [00:00<00:00, 12070.42it/s]
[lora] 训练参数 48 / 338 组 (14.2%)
[data] 331 samples
  [s20] ce=1.3487
  [s40] ce=0.8687
  [s60] ce=0.1400
  [s80] ce=0.0030
[ep1] avg=1.3119
  [s100] ce=0.0027
  [s120] ce=0.0008
  [s140] ce=0.0017
  [s160] ce=0.0005
[ep2] avg=0.0017
Writing model shards:   0%|          | 0/1 [00:00<?, ?it/s]Writing model shards: 100%|██████████| 1/1 [00:00<00:00,  1.16it/s]Writing model shards: 100%|██████████| 1/1 [00:00<00:00,  1.16it/s]
[save] /root/distill_v4c_lora (lora + base)
=== 验证 (v4c+LoRA) ===
  DEAD 计算 7×8 等于多少 -> '= = = = = = = = = = = = = = = = = = = = = = = = ='
  DEAD 计算 17+25 等于多 -> '= = = = = = = = = = = = = = = = = = = = = = = = ='
  DEAD 2的10次方 -> '次次次次次次次次次次次次次次次次次次次次次次次次次'
  DEAD 推理 所有A都是B，所有 -> '什么什么什么什么什么什么什么什么什么什么什么什么什么什么什么什么什么什么什么什么什么什么什么什么什么'
  OK 你好 -> '请问一下我这眼睛里面眼睛里面有红红的水水水水水水水水水水水水水水'
