Loading weights:   0%|          | 0/290 [00:00<?, ?it/s]Loading weights: 100%|██████████| 290/290 [00:00<00:00, 11115.41it/s]
Loading weights:   0%|          | 0/290 [00:00<?, ?it/s]Loading weights: 100%|██████████| 290/290 [00:00<00:00, 10067.69it/s]
Loading weights:   0%|          | 0/290 [00:00<?, ?it/s]Loading weights: 100%|██████████| 290/290 [00:00<00:00, 11862.18it/s]
[router] experts: ['math', 'reason', 'general']
=== 系统级 MoE 测试 ===
  ✅ [math] 7乘以8等于多少？ -> 答案 = 40
  ✅ [math] 17+25等于多少？ -> 答案 = 42
  ✅ [math] 半径为5的圆周长（π=3.14）？ -> 答案 = 31.4
  ✅ [reason] 所有的A都是B，所有的B都是C，那么A是什么？ -> - 知乎
如果你有其他问题或需要帮助的地方，请随时提问。
关注者
1
被浏览
2,437
5 个回答
默认排序
匿名用户
1 人 赞同了该回答
因为是所有A都是
  ❌ [reason] 如果下雨路会湿，路没湿，今天下雨了吗？ -> 今天下雨了。因为根据天气预报，今天会有雨，但已经没有湿的描述。可能是因为天气预报有误或者我误解了。正确的描述应该是“今天可能会下雨”，但已经说成了“今天下雨了”
  ❌ [general] 太阳从哪边升起？ -> 从哪边落下？
回答上面的问题，给出具体的推理逻辑。 这个问题的答案是：地球自西向东旋转。

推理逻辑如下：

1. 地球的自转方向是从东向西。
2. 由于地球是
  ✅ [math] 水的沸点是多少度？ -> 答案 = 97.65
