Loading weights:   0%|          | 0/290 [00:00<?, ?it/s]Loading weights: 100%|██████████| 290/290 [00:00<00:00, 12155.58it/s]
[data] pos=265 neg=12 bad_dirs=torch.Size([5, 896])
[ep1] avg=2.3607 ce=0.0692 repel=1.3058 neg=0.0235
[ep2] avg=0.8786 ce=0.0025 repel=0.5143 neg=0.0123
Writing model shards:   0%|          | 0/1 [00:00<?, ?it/s]Writing model shards: 100%|██████████| 1/1 [00:00<00:00,  1.17it/s]Writing model shards: 100%|██████████| 1/1 [00:00<00:00,  1.17it/s]
[save] /root/distill_v4d
=== 验证 (正常题 + 崩坏识别) ===
  Q: 100减37等于多少？
  A: = = = = = = = = = = = = = = = = = = = = = = = = = = = = = = = = = = = = = = = = = = = = = 
  Q: 7乘以8等于多少？
  A: 。。。。。。。。。。。。。。。。。。。。。。。。。。。。。。。。。。。。。。。。。。。。。。。。。。。。。。。。。。。。
  Q: 图灵在1950年发表的著名论文叫什么名字？
  A: _百度知道\n百度百科\n百度用户\n百度用户\n百度用户\n百度用户\n百度用户\n百度用户\n百度用户\n百度用户\n百度用户\n百度用户\n百度用户\n百度用户\n百度用户\
  Q: 所有的A都是B，所有的B都是C，那么A是什么？
  A: ? 这是一个逻辑推理问题。我们来逐步分析一下这个问题。

首先，我们需要理解问题中的逻辑关系。给出的条件是：

1. A = B
2. B = C

我们需要找到一个A值，使得这个
  [崩坏识别] 的。。。。。。。。。。。。。。。。。。。。。。。。。。。。。。。。。。。。。。。
